DECLARE @tabledirectcrm_Customers TABLE(
    AreaId int not null,
    Id int not null,
    TempPasswordEmail nvarchar(256) not null
)

INSERT INTO @tabledirectcrm_Customers(AreaId, Id, TempPasswordEmail)
    SELECT current.AreaId, current.Id, current.TempPasswordEmail
        FROM directcrm.Customers AS current
            WHERE Id = @__id
SELECT * FROM @tabledirectcrm_Customers
