****************************** Original expression **********************************
Table(Customer).Where(c => value(Mindbox.Data.Linq.Tests.MultiStatementQueries.MultiStatementQueryTests+<>c__DisplayClass11_0).customerActions.Where(ca => (ca.CustomerId == c.Id)).Any(ca => (ca.ActionTemplateId == 10)))

****************************** SQL result *******************************************
DECLARE @tabledirectcrm_Customers TABLE(
    Id int not null
)
DECLARE @tabledirectcrm_CustomerActions TABLE(
    ActionTemplateId int not null,
    CustomerId int not null
)

INSERT INTO @tabledirectcrm_Customers(Id)
    SELECT current.Id
        FROM directcrm.Customers AS current
            WHERE Id = @__id
SELECT * FROM @tabledirectcrm_Customers

INSERT INTO @tabledirectcrm_CustomerActions(ActionTemplateId, CustomerId)
    SELECT current.ActionTemplateId, current.CustomerId
        FROM directcrm.CustomerActions AS current
            INNER JOIN @tabledirectcrm_Customers AS previous ON
                previous.Id = current.CustomerId
SELECT * FROM @tabledirectcrm_CustomerActions

****************************** Rewritten expression **********************************
resultSet => resultSet.GetTable("directcrm.Customers").Where(c => resultSet.GetTable("directcrm.CustomerActions").Where(ca => (ca.GetValue("CustomerId") == c.GetValue("Id"))).Any(ca => (ca.GetValue("ActionTemplateId") == 10))).Any()
