{
  "CommandText": "DECLARE @tabledirectcrm_Customers_1 TABLE(\n    Id int not null,\n    TempPasswordEmail nvarchar(256) not null\n)\n\nINSERT INTO @tabledirectcrm_Customers_1\n    SELECT current.Id, current.TempPasswordEmail \n        FROM directcrm.Customers AS current\n        WHERE Id = @pKeyId\nSELECT * FROM @tabledirectcrm_Customers_1"
}
